Siesta Version: siesta-4.0--530
Architecture  : gfortran-nolibs
Compiler flags: gfortran -O2
PP flags      : -DGFORTRAN -DFC_HAVE_FLUSH -DFC_HAVE_ABORT           
SERIAL version

* Running in serial mode
>> Start of run:  18-JUL-2018  10:29:24

                           ***********************       
                           *  WELCOME TO SIESTA  *       
                           ***********************       

reinit: Reading from standard input
************************** Dump of input data file ****************************
SystemName          Water
SystemLabel         h2o
NumberOfAtoms          6
NumberOfSpecies        2
%block ChemicalSpeciesLabel
  1   8  O
  2   1  H
%endblock ChemicalSpeciesLabel
%Block PAO.Basis
O    3     -0.24233
n=2   0   2   E    23.36061     3.39721
     4.50769     2.64066
     1.00000     1.00000
n=2   1   2   E     2.78334     5.14253
     6.14996     2.59356
     1.00000     1.00000
n=3   2   1   E    63.98188     0.16104
     3.54403
     1.00000
H    2      0.46527
n=1   0   2   E    99.93138     2.59932
     4.20357     1.84463
     1.00000     1.00000
n=2   1   1   E    24.56504     2.20231
     3.52816
     1.00000
%EndBlock PAO.Basis
LatticeConstant       20.0 Ang    # Lattice constant alat (3% larger)
%block LatticeVectors
  1.0  0.0  0.0
  0.0  1.0  0.0
  0.0  0.0  1.0
%endblock LatticeVectors
MeshCutoff           200.0 Ry       # Mesh cutoff. real space mesh
XC.functional VDW
XC.authors    BH                    # This is vdW-DF-cx
DM.MixingWeight       0.3           # New DM amount for next SCF cycle
DM.Tolerance          5.d-5         # Tolerance in maximum difference
DM.NumberPulay         3
DM.UseSaveDM .true.
SaveRhoXC  .true.
DM.FormattedFiles T
WriteMullikenPop 1
AtomicCoordinatesFormat  Ang
%block AtomicCoordinatesAndAtomicSpecies
 -0.06454519965  -1.4530285095  0.0  1
 0.82543217547  -1.8077710165  0.0  2
 0.05777181073  -0.4954987904  0.0  2
 0.06454519965  1.4530285095  0.0  1
 -0.40139830483  1.8100756735  -0.7592424936  2
 -0.40139830483  1.8100756735  0.7592424936  2
%endblock AtomicCoordinatesAndAtomicSpecies
************************** End of input data file *****************************

reinit: -----------------------------------------------------------------------
reinit: System Name: Water
reinit: -----------------------------------------------------------------------
reinit: System Label: h2o                                                         
reinit: -----------------------------------------------------------------------

initatom: Reading input for the pseudopotentials and atomic orbitals ----------
 Species number:            1  Label: O Atomic number:           8
 Species number:            2  Label: H Atomic number:           1
Ground state valence configuration:   2s02  2p04
Reading pseudopotential information in formatted form from O.psf

Valence configuration for pseudopotential generation:
2s( 2.00) rc: 1.14
2p( 4.00) rc: 1.14
3d( 0.00) rc: 1.14
4f( 0.00) rc: 1.14
Ground state valence configuration:   1s01
Reading pseudopotential information in formatted form from H.psf

Valence configuration for pseudopotential generation:
1s( 1.00) rc: 1.25
2p( 0.00) rc: 1.25
3d( 0.00) rc: 1.25
4f( 0.00) rc: 1.25
For O, standard SIESTA heuristics set lmxkb to 3
 (one more than the basis l, including polarization orbitals).
Use PS.lmax or PS.KBprojectors blocks to override.
For H, standard SIESTA heuristics set lmxkb to 2
 (one more than the basis l, including polarization orbitals).
Use PS.lmax or PS.KBprojectors blocks to override.

<basis_specs>
===============================================================================
O                    Z=   8    Mass=  16.000        Charge=-0.24233    
Lmxo=2 Lmxkb= 3    BasisType=split      Semic=F
L=0  Nsemic=0  Cnfigmx=2
          n=1  nzeta=2  polorb=0
            splnorm:   0.15000    
               vcte:    23.361    
               rinn:    3.3972    
               qcoe:    0.0000    
               qyuk:    0.0000    
               qwid:   0.10000E-01
                rcs:    4.5077      2.6407    
            lambdas:    1.0000      1.0000    
L=1  Nsemic=0  Cnfigmx=2
          n=1  nzeta=2  polorb=0
            splnorm:   0.15000    
               vcte:    2.7833    
               rinn:    5.1425    
               qcoe:    0.0000    
               qyuk:    0.0000    
               qwid:   0.10000E-01
                rcs:    6.1500      2.5936    
            lambdas:    1.0000      1.0000    
L=2  Nsemic=0  Cnfigmx=3
          n=1  nzeta=1  polorb=0
            splnorm:   0.15000    
               vcte:    63.982    
               rinn:   0.16104    
               qcoe:    0.0000    
               qyuk:    0.0000    
               qwid:   0.10000E-01
                rcs:    3.5440    
            lambdas:    1.0000    
-------------------------------------------------------------------------------
L=0  Nkbl=1  erefs: 0.17977+309
L=1  Nkbl=1  erefs: 0.17977+309
L=2  Nkbl=1  erefs: 0.17977+309
L=3  Nkbl=1  erefs: 0.17977+309
===============================================================================
</basis_specs>

atom: Called for O                     (Z =   8)

read_vps: Pseudopotential generation method:
read_vps: ATM3      Troullier-Martins                       
Total valence charge:    6.00000

read_vps: Pseudopotential includes a core correction:
read_vps: Pseudo-core for xc-correction

xc_check: Exchange-correlation functional:
xc_check: VDW Berland-Hyldgaard
xc_check: WARNING: Pseudopotential generated with GGA PBE functional
V l=0 = -2*Zval/r beyond r=  1.1278
V l=1 = -2*Zval/r beyond r=  1.1278
V l=2 = -2*Zval/r beyond r=  1.1278
V l=3 = -2*Zval/r beyond r=  1.1278
All V_l potentials equal beyond r=  1.1278
This should be close to max(r_c) in ps generation
All pots = -2*Zval/r beyond r=  1.1278

VLOCAL1: 99.0% of the norm of Vloc inside     34.126 Ry
VLOCAL1: 99.9% of the norm of Vloc inside     77.774 Ry
atom: Maximum radius for 4*pi*r*r*local-pseudopot. charge    1.37759
atom: Maximum radius for r*vlocal+2*Zval:    1.18566
GHOST: No ghost state for L =  0
GHOST: No ghost state for L =  1
GHOST: No ghost state for L =  2
GHOST: No ghost state for L =  3

KBgen: Kleinman-Bylander projectors: 
   l= 0   rc=  1.262145   el= -1.750162   Ekb=  9.253102   kbcos=  0.327868
   l= 1   rc=  1.262145   el= -0.658346   Ekb= -7.898073   kbcos= -0.392576
   l= 2   rc=  1.343567   el=  0.002386   Ekb= -1.922781   kbcos= -0.003578
   l= 3   rc=  1.394919   el=  0.003508   Ekb= -0.738254   kbcos= -0.000365

KBgen: Total number of  Kleinman-Bylander projectors:   16
atom: -------------------------------------------------------------------------

atom: SANKEY-TYPE ORBITALS:
atom: Selected multiple-zeta basis: split     

atom: basis set generated (by rescaling the valence charge)
atom: for an anion of charge  -0.2423

SPLIT: Orbitals with angular momentum L= 0

SPLIT: Basis orbitals for state 2s

   izeta = 1
                 lambda =    1.000000
                     rc =    4.574469
                 energy =   -1.747125
                kinetic =    1.486382
    potential(screened) =   -3.233508
       potential(ionic) =  -11.045689

   izeta = 2
                 rmatch =    2.639108
              splitnorm =    0.146289
                 energy =   -1.544315
                kinetic =    2.317735
    potential(screened) =   -3.862050
       potential(ionic) =  -12.314290

SPLIT: Orbitals with angular momentum L= 1

SPLIT: Basis orbitals for state 2p

   izeta = 1
                 lambda =    1.000000
                     rc =    6.174996
                 energy =   -0.651333
                kinetic =    4.269728
    potential(screened) =   -4.921061
       potential(ionic) =  -12.264742

   izeta = 2
                 rmatch =    2.639108
              splitnorm =    0.214693
                 energy =   -0.406979
                kinetic =    7.103166
    potential(screened) =   -7.510145
       potential(ionic) =  -16.083971

SPLIT: Orbitals with angular momentum L= 2

SPLIT: Basis orbitals for state 3d

   izeta = 1
                 lambda =    1.000000
                     rc =    3.562532
                 energy =    3.653736
                kinetic =    6.475620
    potential(screened) =   -2.821883
       potential(ionic) =   -9.990305
atom: Total number of Sankey-type orbitals: 13

atm_pop: Valence configuration (for local Pseudopot. screening):
 2s( 2.00)                                                            
 2p( 4.00)                                                            
 3d( 0.00)                                                            
Vna: chval, zval:    6.00000   6.00000

Vna:  Cut-off radius for the neutral-atom potential:   6.174996
comcore: Pseudo-core radius Rcore=  1.377587

atom: _________________________________________________________________________

<basis_specs>
===============================================================================
H                    Z=   1    Mass=  1.0100        Charge= 0.46527    
Lmxo=1 Lmxkb= 2    BasisType=split      Semic=F
L=0  Nsemic=0  Cnfigmx=1
          n=1  nzeta=2  polorb=0
            splnorm:   0.15000    
               vcte:    99.931    
               rinn:    2.5993    
               qcoe:    0.0000    
               qyuk:    0.0000    
               qwid:   0.10000E-01
                rcs:    4.2036      1.8446    
            lambdas:    1.0000      1.0000    
L=1  Nsemic=0  Cnfigmx=2
          n=1  nzeta=1  polorb=0
            splnorm:   0.15000    
               vcte:    24.565    
               rinn:    2.2023    
               qcoe:    0.0000    
               qyuk:    0.0000    
               qwid:   0.10000E-01
                rcs:    3.5282    
            lambdas:    1.0000    
-------------------------------------------------------------------------------
L=0  Nkbl=1  erefs: 0.17977+309
L=1  Nkbl=1  erefs: 0.17977+309
L=2  Nkbl=1  erefs: 0.17977+309
===============================================================================
</basis_specs>

atom: Called for H                     (Z =   1)

read_vps: Pseudopotential generation method:
read_vps: ATM3      Troullier-Martins                       
Total valence charge:    1.00000

xc_check: Exchange-correlation functional:
xc_check: VDW Berland-Hyldgaard
xc_check: WARNING: Pseudopotential generated with GGA PBE functional
V l=0 = -2*Zval/r beyond r=  1.2343
V l=1 = -2*Zval/r beyond r=  1.2189
V l=2 = -2*Zval/r beyond r=  1.2189
All V_l potentials equal beyond r=  1.2343
This should be close to max(r_c) in ps generation
All pots = -2*Zval/r beyond r=  1.2343

VLOCAL1: 99.0% of the norm of Vloc inside     28.493 Ry
VLOCAL1: 99.9% of the norm of Vloc inside     64.935 Ry
atom: Maximum radius for 4*pi*r*r*local-pseudopot. charge    1.45251
atom: Maximum radius for r*vlocal+2*Zval:    1.21892
GHOST: No ghost state for L =  0
GHOST: No ghost state for L =  1
GHOST: No ghost state for L =  2

KBgen: Kleinman-Bylander projectors: 
   l= 0   rc=  1.364359   el= -0.474566   Ekb= -2.022290   kbcos= -0.345658
   l= 1   rc=  1.434438   el=  0.001422   Ekb= -0.443448   kbcos= -0.022709
   l= 2   rc=  1.470814   el=  0.002365   Ekb= -0.140530   kbcos= -0.002880

KBgen: Total number of  Kleinman-Bylander projectors:    9
atom: -------------------------------------------------------------------------

atom: SANKEY-TYPE ORBITALS:
atom: Selected multiple-zeta basis: split     

atom: basis set generated (by rescaling the valence charge)
atom: for a cation of charge   0.4653

SPLIT: Orbitals with angular momentum L= 0

SPLIT: Basis orbitals for state 1s

   izeta = 1
                 lambda =    1.000000
                     rc =    4.260636
                 energy =   -0.875216
                kinetic =    1.371864
    potential(screened) =   -2.247080
       potential(ionic) =   -2.300626

   izeta = 2
                 rmatch =    1.865767
              splitnorm =    0.571489
                 energy =    0.470272
                kinetic =    4.356176
    potential(screened) =   -3.885904
       potential(ionic) =   -3.840372

SPLIT: Orbitals with angular momentum L= 1

SPLIT: Basis orbitals for state 2p

   izeta = 1
                 lambda =    1.000000
                     rc =    3.576223
                 energy =    0.839521
                kinetic =    2.014191
    potential(screened) =   -1.174670
       potential(ionic) =   -1.303990
atom: Total number of Sankey-type orbitals:  5

atm_pop: Valence configuration (for local Pseudopot. screening):
 1s( 1.00)                                                            
 2p( 0.00)                                                            
Vna: chval, zval:    1.00000   1.00000

Vna:  Cut-off radius for the neutral-atom potential:   4.260636

atom: _________________________________________________________________________

prinput: Basis input ----------------------------------------------------------

PAO.BasisType split     

%block ChemicalSpeciesLabel
    1    8 O                       # Species index, atomic number, species label
    2    1 H                       # Species index, atomic number, species label
%endblock ChemicalSpeciesLabel

%block PAO.Basis                 # Define Basis set
O                     3  -0.242            # Label, l-shells, ionic net charge
 n=2   0   2                         # n, l, Nzeta 
   4.574      2.639   
   1.000      1.000   
 n=2   1   2                         # n, l, Nzeta 
   6.175      2.639   
   1.000      1.000   
 n=3   2   1                         # n, l, Nzeta 
   3.563   
   1.000   
H                     2   0.465            # Label, l-shells, ionic net charge
 n=1   0   2                         # n, l, Nzeta 
   4.261      1.866   
   1.000      1.000   
 n=2   1   1                         # n, l, Nzeta 
   3.576   
   1.000   
%endblock PAO.Basis

prinput: ----------------------------------------------------------------------

coor:   Atomic-coordinates input format  =     Cartesian coordinates
coor:                                          (in Angstroms)

siesta: Atomic coordinates (Bohr) and species
siesta:     -0.12197  -2.74583   0.00000  1        1
siesta:      1.55984  -3.41619   0.00000  2        2
siesta:      0.10917  -0.93636   0.00000  2        3
siesta:      0.12197   2.74583   0.00000  1        4
siesta:     -0.75853   3.42055  -1.43476  2        5
siesta:     -0.75853   3.42055   1.43476  2        6

siesta: System type = molecule  

initatomlists: Number of atoms, orbitals, and projectors:      6    46    68

siesta: ******************** Simulation parameters ****************************
siesta:
siesta: The following are some of the parameters of the simulation.
siesta: A complete list of the parameters used, including default values,
siesta: can be found in file out.fdf
siesta:
redata: Non-Collinear-spin run           =     F
redata: SpinPolarized (Up/Down) run      =     F
redata: Number of spin components        =     1
redata: Long output                      =     F
redata: Number of Atomic Species         =        2
redata: Charge density info will appear in .RHO file
redata: Write Mulliken Pop.              =     Atomic and Orbital charges
redata: Mesh Cutoff                      =   200.0000  Ry
redata: Net charge of the system         =     0.0000 |e|
redata: Min. number of SCF Iter          =        0
redata: Max. number of SCF Iter          =       50
redata: Mix DM or H after convergence    =     F
redata: Recompute H after scf cycle      =     F
redata: Performing Pulay mixing using    =     3 iterations
redata: Mix DM in first SCF step ?       =     F
redata: Write Pulay info on disk?        =     F
redata: Discard 1st Pulay DM after  kick =     F
redata: New DM Mixing Weight             =     0.3000
redata: New DM Occupancy tolerance       = 0.000000000001
redata: No kicks to SCF
redata: DM Mixing Weight for Kicks       =     0.5000
redata: DM Tolerance for SCF             =     0.000050
redata: Require (free) Energy convergence in SCF =     F
redata: DM (free)Energy tolerance for SCF =     0.000010 eV
redata: Require Harris convergence for SCF =     F
redata: DM Harris energy tolerance for SCF =     0.000010 eV
redata: Using Saved Data (generic)   =     F
redata: Use continuation files for DM    =     T
redata: Neglect nonoverlap interactions  =     F
redata: Method of Calculation            =     Diagonalization
redata: Divide and Conquer               =     T
redata: Electronic Temperature           =     0.0019  Ry
redata: Fix the spin of the system       =     F
redata: Dynamics option                  =     Single-point calculation
redata: ***********************************************************************
Total number of electrons:    16.000000
Total ionic charge:    16.000000
 Kpoints in:            1 . Kpoints trimmed:            1

siesta: k-grid: Number of k-points =     1
siesta: k-grid: Cutoff (effective) =    10.000 Ang
siesta: k-grid: Supercell and displacements
siesta: k-grid:    1   0   0      0.000
siesta: k-grid:    0   1   0      0.000
siesta: k-grid:    0   0   1      0.000

                     ====================================
                        Single-point calculation
                     ====================================

outcell: Unit cell vectors (Ang):
       20.000000    0.000000    0.000000
        0.000000   20.000000    0.000000
        0.000000    0.000000   20.000000

outcell: Cell vector modules (Ang)   :   20.000000   20.000000   20.000000
outcell: Cell angles (23,13,12) (deg):     90.0000     90.0000     90.0000
outcell: Cell volume (Ang**3)        :   8000.0000
New_DM. Step:     1
Initializing Density Matrix...
New grid distribution:   1
           1       1:   90    1:   90    1:   90

InitMesh: MESH =   180 x   180 x   180 =     5832000
InitMesh: (bp) =    90 x    90 x    90 =      729000
InitMesh: Mesh cutoff (required, used) =   200.000   223.865 Ry
ExtMesh (bp) on 0 =   150 x   150 x   150 =     3375000
PhiOnMesh: Number of (b)points on node 0 =               729000
PhiOnMesh: nlist on node 0 =               193743

stepf: Fermi-Dirac step function

siesta: Program's energy decomposition (eV):
siesta: Ebs     =      -306.399198
siesta: Eions   =      1631.708958
siesta: Ena     =       394.060039
siesta: Ekin    =       620.309877
siesta: Enl     =       -88.467009
siesta: DEna    =         0.000000
siesta: DUscf   =         0.000000
siesta: DUext   =         0.000000
siesta: Exc     =      -220.765702
siesta: eta*DQ  =         0.000000
siesta: Emadel  =         0.000000
siesta: Emeta   =         0.000000
siesta: Emolmec =         0.000000
siesta: Ekinion =         0.000000
siesta: Eharris =      -949.418608
siesta: Etot    =      -926.571753
siesta: FreeEng =      -926.571753

   scf: iscf   Eharris(eV)      E_KS(eV)   FreeEng(eV)    dDmax  Ef(eV)
   scf:    1     -949.4186     -926.5718     -926.5718  0.91913 -5.5323
timer: Routine,Calls,Time,% =    IterSCF     1      90.022  83.09
   scf:    2     -962.8367     -924.8167     -924.8167  2.47235  5.8316
   scf:    3     -939.2856     -931.2116     -931.2116  0.39920 -1.2839
   scf:    4     -939.1807     -934.6800     -934.6800  0.23778 -0.7422
   scf:    5     -939.1533     -938.9870     -938.9870  0.01789 -0.8901
   scf:    6     -939.1503     -938.8879     -938.8879  0.01549 -0.9160
   scf:    7     -939.1499     -938.9573     -938.9573  0.01016 -0.9079
   scf:    8     -939.1499     -939.1204     -939.1204  0.00232 -0.8883
   scf:    9     -939.1498     -939.1387     -939.1387  0.00130 -0.8895
   scf:   10     -939.1498     -939.1534     -939.1534  0.00032 -0.8915
   scf:   11     -939.1498     -939.1496     -939.1496  0.00017 -0.8918
   scf:   12     -939.1498     -939.1485     -939.1485  0.00007 -0.8918
   scf:   13     -939.1498     -939.1496     -939.1496  0.00002 -0.8917

SCF Convergence by dMax criterion
max |DM_out - DM_in|:     0.00001642
SCF cycle converged after   13 iterations

Using DM_out to compute the final energy and forces

siesta: E_KS(eV) =             -939.1498

siesta: E_KS - E_eggbox =      -939.1498

siesta: Atomic forces (eV/Ang):
----------------------------------------
   Tot   -0.001909    0.028751    0.000000
----------------------------------------
   Max    0.742106
   Res    0.391991    sqrt( Sum f_i^2 / 3N )
----------------------------------------
   Max    0.742106    constrained

Stress-tensor-Voigt (kbar):       -0.15       -0.18       -0.15        0.06        0.00        0.00
(Free)E + p*V (eV/cell)     -938.3560
Target enthalpy (eV/cell)     -939.1498

mulliken: Atomic and Orbital Populations:

Species: O                   
Atom  Qatom  Qorb
               2s      2s      2py     2pz     2px     2py     2pz     2px     
               3dxy    3dyz    3dz2    3dxz    3dx2-y2 
   1  6.602   1.540   0.194   1.071   1.850   1.272   0.335   0.068   0.249
              0.004   0.000   0.005   0.001   0.012
   4  6.572   1.526   0.209   1.632   0.935   1.535   0.147   0.381   0.184
              0.004   0.005   0.001   0.010   0.002

Species: H                   
Atom  Qatom  Qorb
               1s      1s      2py     2pz     2px     
   2  0.715   0.492   0.134   0.023   0.041   0.025
   3  0.708   0.472   0.130   0.043   0.038   0.025
   5  0.701   0.483   0.133   0.034   0.018   0.032
   6  0.701   0.483   0.133   0.034   0.018   0.032

mulliken: Qtot =       16.000

siesta: Program's energy decomposition (eV):
siesta: Ebs     =      -217.487332
siesta: Eions   =      1631.708958
siesta: Ena     =       394.060039
siesta: Ekin    =       698.664555
siesta: Enl     =      -120.105664
siesta: DEna    =       -50.907059
siesta: DUscf   =         5.663012
siesta: DUext   =         0.000000
siesta: Exc     =      -234.815770
siesta: eta*DQ  =         0.000000
siesta: Emadel  =         0.000000
siesta: Emeta   =         0.000000
siesta: Emolmec =         0.000000
siesta: Ekinion =         0.000000
siesta: Eharris =      -939.149845
siesta: Etot    =      -939.149845
siesta: FreeEng =      -939.149845

siesta: Final energy (eV):
siesta:  Band Struct. =    -217.487332
siesta:       Kinetic =     698.664555
siesta:       Hartree =    1224.771659
siesta:    Ext. field =       0.000000
siesta:   Exch.-corr. =    -234.815770
siesta:  Ion-electron =   -3066.595451
siesta:       Ion-ion =     438.825163
siesta:       Ekinion =       0.000000
siesta:         Total =    -939.149845

siesta: Atomic forces (eV/Ang):
siesta:      1   -0.614344   -0.506292    0.000000
siesta:      2    0.536521   -0.218824   -0.000000
siesta:      3    0.067237    0.742106   -0.000000
siesta:      4    0.581675   -0.392951   -0.000000
siesta:      5   -0.286499    0.202356   -0.501138
siesta:      6   -0.286499    0.202356    0.501138
siesta: ----------------------------------------
siesta:    Tot   -0.001909    0.028751    0.000000

siesta: Stress tensor (static) (eV/Ang**3):
siesta:    -0.000093    0.000037    0.000000
siesta:     0.000037   -0.000111   -0.000000
siesta:     0.000000    0.000000   -0.000093

siesta: Cell volume =       8000.000000 Ang**3

siesta: Pressure (static):
siesta:                Solid            Molecule  Units
siesta:           0.00000108         -0.00000002  Ry/Bohr**3
siesta:           0.00009923         -0.00000218  eV/Ang**3
siesta:           0.15898050         -0.00349167  kBar
(Free)E+ p_basis*V_orbitals  =        -938.107995
(Free)Eharris+ p_basis*V_orbitals  =        -938.107995

siesta: Electric dipole (a.u.)  =    0.036641    1.105529    0.000000
siesta: Electric dipole (Debye) =    0.093132    2.809977    0.000000

timer: Elapsed wall time (sec) =    1271.946
timer: CPU execution times (sec):

Routine            Calls   Time/call    Tot.time        %
siesta                 1    1270.434    1270.434   100.00
Setup                  1      15.624      15.624     1.23
bands                  1       0.000       0.000     0.00
KSV_init               1       0.000       0.000     0.00
IterGeom               1    1173.153    1173.153    92.34
state_init             1       0.185       0.185     0.01
hsparse                1       0.000       0.000     0.00
overlap                1       0.183       0.183     0.01
Setup_H0               1       2.507       2.507     0.20
naefs                  2       0.000       0.001     0.00
MolMec                 2       0.000       0.000     0.00
kinefsm                2       0.089       0.177     0.01
nlefsm                 2       0.325       0.651     0.05
DHSCF_Init             1       1.684       1.684     0.13
DHSCF1                 1       0.086       0.086     0.01
INITMESH               1       0.000       0.000     0.00
DHSCF2                 1       1.597       1.597     0.13
REMESH                 1       0.048       0.048     0.00
REORD                 44       0.022       0.953     0.08
PHION                  1       0.290       0.290     0.02
COMM_BSC              32       0.024       0.766     0.06
POISON                16       0.947      15.144     1.19
fft                   32       0.368      11.760     0.93
IterSCF               13      83.988    1091.848    85.94
setup_H               13      83.985    1091.799    85.94
DHSCF                 15      83.468    1252.026    98.55
DHSCF3                15      83.427    1251.402    98.50
rhoofd                15       0.047       0.701     0.06
cellXC                15      81.736    1226.040    96.51
fft3d                900       0.409     368.283    28.99
vmat                  14       0.028       0.396     0.03
compute_dm            13       0.001       0.010     0.00
diagon                13       0.001       0.009     0.00
r-eigvec              13       0.001       0.008     0.00
r-buildHS             13       0.000       0.000     0.00
rdiag                 13       0.001       0.007     0.00
rdiag1                13       0.000       0.000     0.00
rdiag2                13       0.000       0.000     0.00
rdiag3                13       0.000       0.006     0.00
rdiag4                13       0.000       0.001     0.00
r-buildD              13       0.000       0.001     0.00
MIXER                 12       0.000       0.001     0.00
WriteDM               15       0.003       0.041     0.00
PostSCF                1      78.602      78.602     6.19
DHSCF4                 1       0.623       0.623     0.05
dfscf                  1       0.322       0.322     0.03
overfsm                1       0.001       0.001     0.00
state_analysis         1       0.002       0.002     0.00
siesta_move            1       0.000       0.000     0.00
optical                1       0.000       0.000     0.00
  
>> End of run:  18-JUL-2018  10:50:36
Job completed
